// Jest Snapshot v1, https://goo.gl/fbAQLP

exports[`<PrivateNavs/> snapshot 1`] = `
<div
  className="main"
>
  <div
    className="container"
  >
    PrivateNavs
  </div>
</div>
`;
