// Jest Snapshot v1, https://goo.gl/fbAQLP

exports[`<CopyRight/> snapshot 1`] = `
<div
  className="main"
>
  <div
    className="container"
  >
    Copyright
  </div>
</div>
`;
