// Jest Snapshot v1, https://goo.gl/fbAQLP

exports[`<PublicNavs/> snapshot 1`] = `
<nav
  className="main"
>
  <div
    className="otherNavsGroup"
  >
    <div
      className="navBox"
    >
      <a
        aria-current={null}
        href="/about/product"
        onClick={[Function]}
      >
        <span>
          Product
        </span>
      </a>
    </div>
    <div
      className="navBox"
    >
      <a
        aria-current={null}
        href="/blog"
        onClick={[Function]}
      >
        <span>
          Blog
        </span>
      </a>
    </div>
    <div
      className="navBox"
    >
      <a
        aria-current={null}
        href="/documentation"
        onClick={[Function]}
      >
        <span>
          Docs
        </span>
      </a>
    </div>
    <div
      className="navBox"
    >
      <a
        aria-current={null}
        href="/support"
        onClick={[Function]}
      >
        <span>
          Support
        </span>
      </a>
    </div>
  </div>
  <div
    className="defaultNavsGroup"
  >
    <div
      className="navBox"
    >
      <a
        aria-current={null}
        href="/login"
        onClick={[Function]}
      >
        <span>
          navs.public.login
        </span>
      </a>
    </div>
    <div
      className="navBox"
    >
      /
    </div>
    <div
      className="navBox"
    >
      <a
        aria-current={null}
        href="/register"
        onClick={[Function]}
      >
        <span>
          navs.public.register
        </span>
      </a>
    </div>
  </div>
</nav>
`;
