// Jest Snapshot v1, https://goo.gl/fbAQLP

exports[`<LanguageSelector/> snapshot 1`] = `
<div
  className="main"
>
  <div
    aria-expanded={false}
    className="ui fluid selection dropdown"
    onBlur={[Function]}
    onChange={[Function]}
    onClick={[Function]}
    onFocus={[Function]}
    onMouseDown={[Function]}
    role="listbox"
    tabIndex={0}
  >
    <div
      aria-live="polite"
      className="text"
      role="alert"
    />
    <i
      aria-hidden="true"
      className="dropdown icon"
      onClick={[Function]}
    />
    <div
      className="menu transition"
    >
      <div
        aria-checked={false}
        aria-selected={true}
        className="selected item"
        onClick={[Function]}
        role="option"
        style={
          Object {
            "pointerEvents": "all",
          }
        }
      >
        <span
          className="text"
        >
          English
        </span>
      </div>
    </div>
  </div>
</div>
`;
