// Jest Snapshot v1, https://goo.gl/fbAQLP

exports[`<SocialLinks/> snapshot 1`] = `
<div
  className="main"
>
  <div
    className="container"
  />
</div>
`;
