// Jest Snapshot v1, https://goo.gl/fbAQLP

exports[`<NavLink/> snapshot 1`] = `
<a
  aria-current="page"
  className="active"
  href="/"
  onClick={[Function]}
  style={Object {}}
>
  <span>
    Home
  </span>
</a>
`;
