// Jest Snapshot v1, https://goo.gl/fbAQLP

exports[`<PrivateNavs/> snapshot 1`] = `
<div
  className="main"
>
  <div
    className="navs"
  >
    navs
  </div>
  <div
    className="userdropdown"
  >
    <div
      aria-expanded={false}
      className="ui dropdown"
      onBlur={[Function]}
      onChange={[Function]}
      onClick={[Function]}
      onFocus={[Function]}
      onMouseDown={[Function]}
      role="listbox"
      tabIndex={0}
    >
      <div
        aria-live="polite"
        className="text"
        role="alert"
      />
      <i
        aria-hidden="true"
        className="user circle icon"
        onClick={[Function]}
      />
      <div
        className="left menu transition left"
      >
        <div
          className="header"
        >
          xoxo
        </div>
        <div
          className="divider"
        />
        <div
          className="item"
          onClick={[Function]}
          role="option"
        >
          Profile
        </div>
        <div
          className="item"
          onClick={[Function]}
          role="option"
        >
          Dashboard
        </div>
        <div
          className="divider"
        />
        <div
          className="item"
          onClick={[Function]}
          role="option"
        >
          Settings
        </div>
        <div
          className="item"
          onClick={[Function]}
          role="option"
        >
          Logout
        </div>
      </div>
    </div>
  </div>
</div>
`;
