// Jest Snapshot v1, https://goo.gl/fbAQLP

exports[`<EnhancedRoute/> snapshot 1`] = `null`;
