// Jest Snapshot v1, https://goo.gl/fbAQLP

exports[`<ServerError/> snapshot 1`] = `
<div
  className="main"
>
  <div
    className="ui container container"
  >
    <h1>
      500
    </h1>
    <p>
      Internal Server Error
    </p>
  </div>
</div>
`;
