// Jest Snapshot v1, https://goo.gl/fbAQLP

exports[`<NotFound/> snapshot 1`] = `
<div
  className="main"
>
  <div
    className="ui container container"
  >
    <h1>
      404
    </h1>
    <p>
      The page you requested does not exist.
    </p>
  </div>
</div>
`;
