// Jest Snapshot v1, https://goo.gl/fbAQLP

exports[`<GlobalLoader/> snapshot 1`] = `null`;
