// Jest Snapshot v1, https://goo.gl/fbAQLP

exports[`<HeaderNavBar/> snapshot 1`] = `
<div
  className="main"
>
  <div
    className="main"
  >
    <div
      className="container"
    >
      PrivateNavs
    </div>
  </div>
</div>
`;
