// Jest Snapshot v1, https://goo.gl/fbAQLP

exports[`<Blog/> snapshot 1`] = `
<div
  className="main"
>
  <div
    className="ui container"
  >
    <h1>
      heading
    </h1>
  </div>
</div>
`;
