// Jest Snapshot v1, https://goo.gl/fbAQLP

exports[`<Profile/> snapshot 1`] = `
<div
  className="main"
>
  <h1>
    Profile
  </h1>
</div>
`;
