// Jest Snapshot v1, https://goo.gl/fbAQLP

exports[`<Settings/> snapshot 1`] = `
<div
  className="main"
>
  <h1>
    Settings
  </h1>
</div>
`;
