// Jest Snapshot v1, https://goo.gl/fbAQLP

exports[`<HomeFeed/> snapshot 1`] = `
<div
  className="main"
>
  <h1>
    HomeFeed
  </h1>
</div>
`;
