// Jest Snapshot v1, https://goo.gl/fbAQLP

exports[`<AppContent/> snapshot 1`] = `
<main
  className="main"
>
  <div
    className="routeContainer"
  >
    <div
      className="main"
    >
      <div
        className="main"
      >
        <section
          className="main"
        >
          <div
            className="ui container container"
          >
            <div
              className="canvas"
            >
              <div
                className="leftPane"
              >
                <h1>
                  <em>
                    hero.heading
                  </em>
                </h1>
                <div
                  className="fluff"
                >
                  <br />
                  <p>
                    Alpha bravo charlie delta echo foxtrot golf
                  </p>
                  <br />
                  <p>
                    Hotel india juliet kilo lima mike november oscar papa
                  </p>
                  <br />
                  <p>
                    Quebec romeo sierra tango unicorn victor whiskey x-ray yankee zulu
                  </p>
                </div>
              </div>
              <div
                className="rightPane"
              >
                <img
                  src="astro.svg"
                />
              </div>
            </div>
          </div>
        </section>
        <section
          className="main"
        >
          <div
            className="ui container container"
          >
            <div
              className="brandCarousel"
            >
              <div
                className="brandItem"
              >
                <p>
                  Smashing
                </p>
              </div>
              <div
                className="brandItem"
              >
                <p>
                  Pumpkins
                </p>
              </div>
              <div
                className="brandItem"
              >
                <p>
                  Radiohead
                </p>
              </div>
              <div
                className="brandItem"
              >
                <p>
                  Chilli
                </p>
              </div>
              <div
                className="brandItem"
              >
                <p>
                  Peppers
                </p>
              </div>
            </div>
          </div>
        </section>
      </div>
    </div>
  </div>
</main>
`;
