// Jest Snapshot v1, https://goo.gl/fbAQLP

exports[`<SiteMap/> snapshot 1`] = `
<div
  className="main"
>
  <div
    className="container"
  >
    SiteMap
  </div>
</div>
`;
